c:\home\中間件\ebs-gateway\x64\debug\vc143.pdb
c:\home\中間件\ebs-gateway\x64\debug\vc143.idb
c:\home\中間件\ebs-gateway\x64\debug\set_reader.obj
c:\home\中間件\ebs-gateway\x64\debug\write.obj
c:\home\中間件\ebs-gateway\x64\debug\capabilities.obj
c:\home\中間件\ebs-gateway\x64\debug\client_manager.obj
c:\home\中間件\ebs-gateway\x64\debug\inventory.obj
c:\home\中間件\ebs-gateway\x64\debug\read.obj
c:\home\中間件\ebs-gateway\x64\debug\connect.obj
c:\home\中間件\ebs-gateway\x64\debug\main.obj
c:\home\中間件\ebs-gateway\x64\debug\logger.obj
c:\home\中間件\ebs-gateway\x64\debug\lockclient.obj
c:\home\中間件\ebs-gateway\x64\debug\config.obj
c:\home\中間件\ebs-gateway\x64\debug\asyncfunc.obj
c:\home\中間件\ebs-gateway\x64\debug\cjson.obj
c:\home\中間件\x64\debug\libcrypto-3-x64.dll
c:\home\中間件\x64\debug\ebs-gateway.lib
c:\home\中間件\x64\debug\ebs-gateway.exp
c:\home\中間件\ebs-gateway\x64\debug\ebs-gateway.ilk
c:\home\中間件\x64\debug\ebs-gateway.pdb
c:\home\中間件\x64\debug\ebs-gateway.exe
c:\home\中間件\ebs-gateway\x64\debug\ebs-gateway.tlog\cl.command.1.tlog
c:\home\中間件\ebs-gateway\x64\debug\ebs-gateway.tlog\cl.items.tlog
c:\home\中間件\ebs-gateway\x64\debug\ebs-gateway.tlog\cl.read.1.tlog
c:\home\中間件\ebs-gateway\x64\debug\ebs-gateway.tlog\cl.write.1.tlog
c:\home\中間件\ebs-gateway\x64\debug\ebs-gateway.tlog\ebs-gateway.write.1u.tlog
c:\home\中間件\ebs-gateway\x64\debug\ebs-gateway.tlog\link.command.1.tlog
c:\home\中間件\ebs-gateway\x64\debug\ebs-gateway.tlog\link.read.1.tlog
c:\home\中間件\ebs-gateway\x64\debug\ebs-gateway.tlog\link.secondary.1.tlog
c:\home\中間件\ebs-gateway\x64\debug\ebs-gateway.tlog\link.write.1.tlog
