c:\home\中間件\ebs-gateway\x64\debug\vc143.pdb
c:\home\中間件\ebs-gateway\x64\debug\vc143.idb
c:\home\中間件\ebs-gateway\x64\debug\inventory.obj
c:\home\中間件\ebs-gateway\x64\debug\read.obj
c:\home\中間件\ebs-gateway\x64\debug\connect.obj
c:\home\中間件\ebs-gateway\x64\debug\main.obj
c:\home\中間件\ebs-gateway\x64\debug\logger.obj
c:\home\中間件\ebs-gateway\x64\debug\lockclient.obj
c:\home\中間件\ebs-gateway\x64\debug\config.obj
c:\home\中間件\ebs-gateway\x64\debug\async.obj
c:\home\中間件\ebs-gateway\x64\debug\cjson.obj
c:\home\中間件\x64\debug\project2.exe
c:\home\中間件\x64\debug\project2.pdb
c:\home\中間件\x64\debug\project2.lib
c:\home\中間件\x64\debug\project2.exp
c:\home\中間件\ebs-gateway\x64\debug\project2.ilk
c:\home\中間件\ebs-gateway\x64\debug\project2.tlog\cl.command.1.tlog
c:\home\中間件\ebs-gateway\x64\debug\project2.tlog\cl.items.tlog
c:\home\中間件\ebs-gateway\x64\debug\project2.tlog\cl.read.1.tlog
c:\home\中間件\ebs-gateway\x64\debug\project2.tlog\cl.write.1.tlog
c:\home\中間件\ebs-gateway\x64\debug\project2.tlog\link.command.1.tlog
c:\home\中間件\ebs-gateway\x64\debug\project2.tlog\link.read.1.tlog
c:\home\中間件\ebs-gateway\x64\debug\project2.tlog\link.secondary.1.tlog
c:\home\中間件\ebs-gateway\x64\debug\project2.tlog\link.write.1.tlog
